Validation score: 0.874558
Validation score did not improve more than tol=0.001000 for two consecutive epochs. Stopping.
>>> grid.best_params_
{'clf__hidden_layer_sizes': (50, 50), 'clf__alpha': 1e-07}
>>> print "Best cross-validation accuracy", grid.best_score_
Best cross-validation accuracy 0.8740498497436804
>>> print "Test best score", grid.score(twenty_test.data, twenty_test.target)
Test best score 0.7923526287838556
>>> print "Best parameters", grid.best_params_
Best parameters {'clf__hidden_layer_sizes': (50, 50), 'clf__alpha': 1e-07}
>>> import pandas as pd
>>> r = pd.DataFrame(grid_search.cv_results_)
Traceback (most recent call last):
  File "<stdin>", line 1, in <module>
NameError: name 'grid_search' is not defined
>>> r = pd.DataFrame(grid.cv_results_)
/home/kleidl/.local/lib/python2.7/site-packages/sklearn/utils/deprecation.py:122: FutureWarning: You are accessing a training score ('mean_train_score'), which will not be available by default any more in 0.21. If you need training scores, please set return_train_score=True
  warnings.warn(*warn_args, **warn_kwargs)
/home/kleidl/.local/lib/python2.7/site-packages/sklearn/utils/deprecation.py:122: FutureWarning: You are accessing a training score ('split0_train_score'), which will not be available by default any more in 0.21. If you need training scores, please set return_train_score=True
  warnings.warn(*warn_args, **warn_kwargs)
/home/kleidl/.local/lib/python2.7/site-packages/sklearn/utils/deprecation.py:122: FutureWarning: You are accessing a training score ('split1_train_score'), which will not be available by default any more in 0.21. If you need training scores, please set return_train_score=True
  warnings.warn(*warn_args, **warn_kwargs)
/home/kleidl/.local/lib/python2.7/site-packages/sklearn/utils/deprecation.py:122: FutureWarning: You are accessing a training score ('split2_train_score'), which will not be available by default any more in 0.21. If you need training scores, please set return_train_score=True
  warnings.warn(*warn_args, **warn_kwargs)
/home/kleidl/.local/lib/python2.7/site-packages/sklearn/utils/deprecation.py:122: FutureWarning: You are accessing a training score ('split3_train_score'), which will not be available by default any more in 0.21. If you need training scores, please set return_train_score=True
  warnings.warn(*warn_args, **warn_kwargs)
/home/kleidl/.local/lib/python2.7/site-packages/sklearn/utils/deprecation.py:122: FutureWarning: You are accessing a training score ('std_train_score'), which will not be available by default any more in 0.21. If you need training scores, please set return_train_score=True
  warnings.warn(*warn_args, **warn_kwargs)
>>> scores = np.array(results.mean_test_score)
Traceback (most recent call last):
  File "<stdin>", line 1, in <module>
NameError: name 'results' is not defined
>>> scores = np.array(r.mean_test_score)
>>> scores
array([0.8521301 , 0.87263567, 0.87042602, 0.87404985])
>>> 
